,AAACCTGAGTAGCGGT,AAACCTGAGTCCAGGA,AAACGGGTCCTTCAAT,AAAGATGAGAGGTACC,AAAGTAGTCGACCAGC,AACACGTAGCTAAACA,AACACGTAGTCTCAAC,AACCATGCACATAACC,AACCATGGTGAAATCA,AACCGCGCACAACGTT,AACCGCGTCAACCATG,AACGTTGAGACTTGAA,AACGTTGGTCGGCACT,AACGTTGTCTAAGCCA,AACTCAGTCAAACCAC,AACTCAGTCTAGAGTC,AACTCCCGTAGCTAAA,AACTCTTAGTGGTCCC,AACTGGTGTAGCACGA,AACTGGTTCCACGCAG,AACTTTCAGAGGTAGA,AACTTTCCATAGGATA,AAGCCGCGTACCAGTT,AAGGAGCAGAGGTTAT,AAGGCAGAGGATGCGT,AAGGCAGGTGCCTGGT,AAGGTTCCACAACTGT,AAGTCTGCAAGGGTCA,AAGTCTGCATCCAACA,AATCCAGAGGCGTACA,AATCCAGCATTTGCCC,AATCCAGTCTGCTGTC,ACACCAATCTACCAGA,ACAGCTAGTACAGTTC,ACAGCTAGTCAGAGGT,ACATACGAGTGCTGCC,ACATACGGTGGTCCGT,ACATCAGCACAGATTC,ACATCAGCAGTTCATG,ACATCAGGTTATCGGT,ACATGGTAGGAGTTGC,ACATGGTCACAGCCCA,ACATGGTCACCAGATT,ACATGGTGTCTTCAAG,ACATGGTGTGGCAAAC,ACCAGTAAGTCCATAC,ACCAGTACACTTACGA,ACCGTAAGTAATCGTC,ACCGTAAGTGATGTGG,ACCTTTACATACCATG,ACCTTTAGTGACGGTA,ACCTTTATCCGAGCCA,ACGAGCCAGCTAGTGG,ACGAGCCCAAGCCCAC,ACGAGGAGTATAGTAG,ACGATACTCAATCACG,ACGATGTGTCACACGC,ACGATGTTCACTTACT,ACGATGTTCTTTACGT,ACGCAGCAGAGCAATT,ACGCAGCGTTAGTGGG,ACGCCAGCAGCTGCAC,ACGCCGAAGCTAACTC,ACGCCGATCGCCATAA,ACGCCGATCGTAGATC,ACGGAGAGTCAAGCGA,ACGGCCAAGTATTGGA,ACGGCCACAAGGTTCT,ACGGCCATCTGGTATG,ACGGGTCCAGGTGGAT,ACGTCAAAGCTCCCAG,ACTATCTCACAGTCGC,ACTATCTGTCTGATCA,ACTATCTTCGTCTGAA,ACTGAACAGAGATGAG,ACTGAACCAAGAAAGG,ACTGAACTCAGGTAAA,ACTGAGTAGGGATCTG,ACTGAGTCAAGACACG,ACTGAGTTCCGTTGCT,ACTGCTCTCTGAGGGA,ACTGCTCTCTTGAGAC,ACTTACTTCACCAGGC,ACTTGTTAGCGTGTCC,ACTTGTTGTACGACCC,ACTTGTTGTACTTAGC,ACTTTCAAGCTACCTA,AGAATAGTCCAAGTAC,AGACGTTAGGCATGTG,AGACGTTGTAAGTGGC,AGAGCGAAGAGAGCTC,AGAGCGAAGGAATGGA,AGAGCGACATTGGTAC,AGAGCGATCGTTACAG,AGAGCTTTCGTCGTTC,AGAGTGGAGAGTGACC,AGAGTGGAGCACCGTC,AGAGTGGAGGTAAACT,AGAGTGGAGTGTGGCA,AGAGTGGGTGGGTATG,AGATTGCAGGCTATCT,AGATTGCAGTGAACGC,AGATTGCTCACCACCT,AGATTGCTCCCTCAGT,AGCAGCCAGTCAATAG,AGCAGCCTCATAACCG,AGCATACGTCATACTG,AGCCTAAAGGTGGGTT,AGCCTAACATACCATG,AGCGGTCAGTCCCACG,AGCGGTCTCATGTGGT,AGCGTCGAGTGGTAGC,AGCTCCTGTCGAACAG,AGCTCCTGTTGCGTTA,AGCTCCTTCAACACTG,AGCTCTCAGAACTCGG,AGCTCTCTCAACGGGA,AGCTCTCTCCTAAGTG,AGCTTGAAGTGGTAGC,AGCTTGACACGTAAGG,AGCTTGACAGTAAGAT,AGCTTGAGTCCCGACA,AGGCCGTAGCCAGTTT,AGGCCGTGTTCATGGT,AGGGAGTTCTACCTGC,AGGGATGGTTCGTTGA,AGGGTGAAGATAGGAG,AGGTCATAGCGTCTAT,AGGTCCGAGACTTGAA,AGGTCCGCAGTCAGCC,AGGTCCGGTTACGTCA,AGTAGTCCAAGCGATG,AGTAGTCCAGAGCCAA,AGTAGTCGTCCTCTTG,AGTCTTTAGCGACGTA,AGTCTTTAGCTCCTCT,AGTCTTTCAAGTCTAC,AGTCTTTTCACGCGGT,AGTGGGAGTTGCGTTA,AGTTGGTCAGGAATGC,ATAACGCAGAGTGAGA,ATAGACCAGTCCGTAT,ATCACGATCACTGGGC,ATCATCTCAATTCCTT,ATCATCTTCCCAACGG,ATCATCTTCTTAACCT,ATCCACCCACTTAACG,ATCCGAAAGTATGACA,ATCCGAACAATCAGAA,ATCCGAACATCTCGCT,ATCGAGTAGTAACCCT,ATCGAGTTCAAGGCTT,ATCGAGTTCTCTAAGG,ATGAGGGAGTGTTTGC,ATGCGATAGTGTCTCA,ATGCGATTCCAAACAC,ATGGGAGAGAACTCGG,ATGGGAGTCGTTGCCT,ATGGGAGTCTGGTGTA,ATGTGTGCAGTGGAGT,ATGTGTGTCAAACGGG,ATGTGTGTCCCATTAT,ATTACTCTCCACGTGG,ATTATCCCACCTCGTT,ATTATCCTCTTTACGT,ATTCTACAGGTAGCCA,ATTCTACTCCTTTCGG,ATTGGTGAGCGGATCA,ATTTCTGCATAAAGGT,CAACCAAGTACAAGTA,CAACCAAGTGTATGGG,CAACCTCCACTGTTAG,CAACCTCGTGGTCCGT,CAACTAGCAAACGTGG,CAACTAGGTAAACCTC,CAACTAGGTCTAGGTT,CAAGATCCAGTTCCCT,CAAGTTGGTCTTCGTC,CACAAACAGCGTTGCC,CACAAACCAAGCGCTC,CACAAACGTTGATTCG,CACACAAAGCCACGCT,CACACAAAGGCCCTTG,CACACAAGTCCGCTGA,CACACAAGTCTGATCA,CACACAAGTTGCGTTA,CACACCTCATTGGCGC,CACACTCAGATTACCC,CACAGTATCAAACAAG,CACATAGAGGCTAGGT,CACATAGTCCATGAAC,CACCAGGAGTCCCACG,CACCAGGGTGCCTTGG,CACCTTGAGCTACCTA,CACCTTGCATAAAGGT,CACCTTGTCTGAGGGA,CACTCCAAGTTAAGTG,CACTCCACAGAAGCAC,CACTCCAGTGTGACGA,CACTCCATCATTCACT,CAGAATCAGTGCCATT,CAGAATCCAATGTAAG,CAGAGAGAGACACGAC,CAGAGAGCAATGGATA,CAGAGAGCACGGTGTC,CAGAGAGGTTCACGGC,CAGCAGCAGACATAAC,CAGCAGCTCGGTGTTA,CAGCATAGTCATACTG,CAGCATAGTGGTGTAG,CAGCCGAAGTCACGCC,CAGCCGACACGCATCG,CAGCCGAGTAGCTCCG,CAGCGACCAATGCCAT,CAGCTGGAGTATTGGA,CAGCTGGCACCTATCC,CAGCTGGGTCTAACGT,CAGCTGGTCTATCGCC,CAGTAACAGACTTTCG,CAGTAACAGCTTTGGT,CAGTAACCAAGCCCAC,CAGTAACCAGTAACGG,CAGTAACTCGCTTGTC,CAGTCCTCAGGGTATG,CAGTCCTGTTGCGTTA,CATATGGCATATGAGA,CATCAAGAGATATACG,CATCAAGGTGGTCCGT,CATCAAGTCTGCTGCT,CATCAGACACATGTGT,CATCAGACAGCTCGCA,CATCCACGTTACGACT,CATCGAATCATATCGG,CATGACACATTTGCCC,CATGCCTCAAAGAATC,CATGCCTGTCATACTG,CATTATCAGACTGTAA,CATTCGCAGGCGATAC,CATTCGCGTGGTGTAG,CATTCGCGTTCGGGCT,CCAATCCTCTCCCTGA,CCACCTACATCCGTGG,CCACCTAGTTGGTTTG,CCACGGATCTATGTGG,CCACTACTCGTCACGG,CCACTACTCTGCGGCA,CCAGCGATCGGTTAAC,CCATGTCAGCCACCTG,CCATTCGTCACATAGC,CCCAATCAGATCCGAG,CCCAATCCACACATGT,CCCAATCTCTTACCGC,CCCAGTTGTGATAAAC,CCCATACAGCTCCTCT,CCCATACCAAGGACAC,CCCTCCTCACCGTTGG,CCCTCCTCACGGTAGA,CCGGGATAGTACACCT,CCGGTAGAGACACTAA,CCGGTAGCATTGGGCC,CCGTACTAGTCCATAC,CCGTACTTCCCACTTG,CCGTGGAAGCTGCCCA,CCGTTCAAGATATACG,CCGTTCAAGGCATGTG,CCGTTCAGTACTTCTT,CCTAAAGAGTGTTAGA,CCTACACAGCTAGGCA,CCTACACAGTACTTGC,CCTACACCATATACGC,CCTACACTCACAAACC,CCTATTACAATGACCT,CCTTACGCAAGCTGTT,CCTTACGCAGCTGTAT,CCTTCGACACAACTGT,CCTTCGACACCTATCC,CCTTCGAGTAACGACG,CCTTCGAGTAGATTAG,CCTTTCTAGATGTGGC,CGAATGTCATGTAAGA,CGAATGTGTCCAAGTT,CGAATGTTCTCTTATG,CGACCTTGTTATGTGC,CGACTTCCATTCCTCG,CGAGAAGCACCGGAAA,CGAGAAGCATTGCGGC,CGAGCACGTGACTCAT,CGAGCCAAGAAGGTGA,CGAGCCACACGGATAG,CGATCGGCAGCGTCCA,CGATCGGCATAGGATA,CGATGGCAGCACAGGT,CGATGGCCAGCCTTGG,CGATGTAAGCGTCAAG,CGATGTAAGGCCGAAT,CGATGTACATGCTAGT,CGATGTATCCTGCTTG,CGATTGAAGCACCGCT,CGCCAAGCAGCGTAAG,CGCCAAGGTGTTTGGT,CGCGGTAAGAGAACAG,CGCGGTATCTCGAGTA,CGCTATCCAGCTCCGA,CGCTGGAAGCTCCTCT,CGCTTCAAGGTCATCT,CGCTTCACAAGCGATG,CGCTTCATCAGTCCCT,CGGACACAGCGCTTAT,CGGACACAGTGCGATG,CGGACACCAGGTTTCA,CGGACGTAGAAACCGC,CGGACGTCAATGAAAC,CGGACTGGTTCTCATT,CGGACTGTCTTTAGTC,CGGCTAGCAATGACCT,CGGTTAATCCTTGCCA,CGTAGCGAGTCATCCA,CGTAGCGTCTCGTTTA,CGTAGGCAGAGACGAA,CGTCAGGTCAGTGTTG,CGTCAGGTCCAAGCCG,CGTCCATCACGGATAG,CGTCTACAGAACAACT,CGTCTACGTCGCGAAA,CGTGTAAGTATAGGTA,CGTTAGATCATCGGAT,CGTTCTGGTGTCTGAT,CGTTCTGGTTGTGGCC,CGTTGGGAGGGTGTGT,CGTTGGGCAATCCGAT,CTAACTTGTCCGAATT,CTAAGACAGTACGTTC,CTAAGACGTACCCAAT,CTAAGACTCTCGATGA,CTACACCAGCGTGTCC,CTACACCCACTATCTT,CTACATTAGTGTCCCG,CTACATTGTAATTGGA,CTACATTTCATTCACT,CTACATTTCTGGGCCA,CTACCCATCCGCAAGC,CTAGAGTAGGAGTTGC,CTAGAGTCACTATCTT,CTAGAGTCATGCAACT,CTAGTGAAGAAACCGC,CTAGTGAGTCAAAGAT,CTAGTGAGTCCAGTTA,CTAGTGAGTTGTGGCC,CTCACACCAACGCACC,CTCAGAATCACGCATA,CTCGAAAAGTTCGCGC,CTCGAGGTCCTGCCAT,CTCGGAGAGCCTATGT,CTCGGGACATCGGACC,CTCGGGAGTGCTAGCC,CTCGTACGTAAGGATT,CTCGTACGTCAAAGCG,CTCGTACGTCAATACC,CTCGTACTCCTGCTTG,CTCGTACTCCTGTAGA,CTCGTCACAAGAAGAG,CTCTACGTCTACCTGC,CTGAAGTAGCATGGCA,CTGATAGCAAACCCAT,CTGATAGTCTTGTTTG,CTGATCCCACATGGGA,CTGCGGAGTTTACTCT,CTGCGGATCAAACGGG,CTGGTCTGTTCCCGAG,CTGTGCTTCAATAAGG,CTGTGCTTCTTTACAC,CTTAACTTCCCTGACT,CTTACCGGTTTAAGCC,CTTAGGACAGCATGAG,CTTAGGATCCATGAGT,CTTAGGATCTGTCTAT,CTTCTCTAGAGTACAT,CTTCTCTAGCGTCAAG,CTTTGCGGTTCGGCAC,CTTTGCGTCGGTTCGG,GAAACTCAGTACATGA,GAAACTCTCAGAGACG,GAAATGACATCCTAGA,GAACGGAGTAAGTAGT,GAAGCAGCATTTCAGG,GAAGCAGGTCAACATC,GAAGCAGGTGTTAAGA,GAATGAAGTCCAACTA,GAATGAATCATGTAGC,GAATGAATCTTCAACT,GACAGAGCACCTCGTT,GACAGAGCAGCGTAAG,GACAGAGGTCCCTACT,GACCAATGTCTTCAAG,GACCTGGCATGAACCT,GACCTGGTCCGTAGTA,GACGCGTCAGTCAGCC,GACGGCTTCCACGAAT,GACGGCTTCTTAGCCC,GACGTGCAGGCATTGG,GACGTGCGTGGAAAGA,GACGTGCGTGGTGTAG,GACGTTAAGGTGACCA,GACGTTACACATGGGA,GACTACAGTGAGCGAT,GACTACAGTGTTCTTT,GACTGCGGTGTGACGA,GACTGCGTCCTGTACC,GAGCAGACACATTTCT,GAGGTGAAGCTGATAA,GATCAGTAGACAAAGG,GATCAGTAGTAGGTGC,GATCAGTCAATCACAC,GATCAGTCATCCTAGA,GATCGATGTACTCGCG,GATCGATGTGTGTGCC,GATCGCGAGAGTTGGC,GATCGCGCAAGTTCTG,GATCGCGGTGTCTGAT,GATCGTACATGTCGAT,GATCGTAGTCCAGTTA,GATCTAGCAATCTGCA,GATCTAGTCTGGTTCC,GATGAAAAGTCCATAC,GATGAAAGTGATGCCC,GATGAGGGTGAGTATA,GATGAGGGTTATCACG,GATGAGGTCCTCCTAG,GATGCTAAGATCGATA,GATGCTAAGTAGATGT,GATGCTACACGCTTTC,GATGCTAGTCTGATTG,GATTCAGTCGCGTAGC,GCAAACTAGGGAACGG,GCAAACTCATACTCTT,GCAATCAGTGTAACGG,GCACATATCTTGTATC,GCACTCTCACCAGCAC,GCACTCTGTGATGTCT,GCAGCCACAACTTGAC,GCAGCCACAGCCAGAA,GCAGTTAGTCAAAGCG,GCAGTTAGTGACCAAG,GCATACAAGGGTCGAT,GCATACACATGGTAGG,GCATACATCACCGTAA,GCATGATGTATGAAAC,GCATGATGTTTAAGCC,GCATGATTCCTCAACC,GCATGCGGTTCCACAA,GCATGTAGTCCCTACT,GCCAAATAGGTAGCTG,GCCAAATTCTTTAGGG,GCCTCTACACTACAGT,GCGACCAAGATGTGGC,GCGACCACAGGTTTCA,GCGACCACATGGAATA,GCGAGAAAGAAGGTGA,GCGAGAAAGTCCGGTC,GCGAGAACAATAAGCA,GCGAGAATCAACGGGA,GCGCAGTAGCGCCTCA,GCGCAGTCATTAGGCT,GCGCCAATCCCTTGCA,GCGGGTTCACACAGAG,GCGGGTTCAGCCACCA,GCGGGTTTCAGTGCAT,GCTCCTAAGAAGGTGA,GCTCCTAAGACCTTTG,GCTCTGTCAGCATACT,GCTCTGTTCGCTTAGA,GCTGCAGCACCTCGTT,GCTGCTTAGAAGGCCT,GCTGCTTTCGGCATCG,GCTGGGTCAGATCTGT,GCTGGGTGTGAAGGCT,GCTTCCAGTATGGTTC,GCTTCCAGTCGGCACT,GCTTCCAGTGATGTCT,GCTTCCATCATGTAGC,GCTTGAAGTATAAACG,GCTTGAAGTTAAGAAC,GCTTGAATCCATTCTA,GGAACTTAGTTTCCTT,GGAATAACAAAGGAAG,GGAATAATCCCTGACT,GGACAAGCAAATACAG,GGACAAGGTTCCACAA,GGACAGAAGTCTCCTC,GGACAGAGTTTCCACC,GGACATTAGGATATAC,GGACATTTCAGTTCGA,GGACGTCGTGAGTATA,GGACGTCTCTCGCTTG,GGAGCAAAGAATTCCC,GGATGTTTCCTAAGTG,GGATTACAGATGGCGT,GGATTACAGCTACCGC,GGCAATTAGTGTGGCA,GGCAATTTCATGCATG,GGCAATTTCGTTACGA,GGCCGATCATCTACGA,GGCCGATGTACGCTGC,GGCCGATGTTACCGAT,GGCCGATTCCCTAACC,GGCCGATTCTAGCACA,GGCGACTAGAGTAAGG,GGCGTGTGTTAGTGGG,GGCTCGAAGCAACGGT,GGCTGGTCATCCCACT,GGCTGGTTCTACTTAC,GGGAATGGTAAGTGTA,GGGACCTTCGACGGAA,GGGAGATAGACAGAGA,GGGAGATCAGATCTGT,GGGAGATGTTAAAGAC,GGGAGATTCATGTCCC,GGGAGATTCCTACAGA,GGGATGACACCCAGTG,GGGCACTAGATGGGTC,GGGCACTCACTACAGT,GGGCACTGTGTATGGG,GGGTCTGCACTTCTGC,GGGTCTGCATACTCTT,GGGTTGCTCAGCGATT,GGTATTGGTGACGCCT,GGTGCGTGTCCGACGT,GGTGCGTTCCTGCTTG,GGTGTTACATCCGGGT,GGTGTTAGTTCCATGA,GTAACTGCAGGGTATG,GTACGTACAATGAAAC,GTACTCCAGAAGGACA,GTACTCCCACACAGAG,GTACTTTCAGCTGTTA,GTACTTTCAGTTAACC,GTAGTCACACAGATTC,GTATCTTTCCAAAGTC,GTATTCTGTCTAAAGA,GTCACAACAGGAATCG,GTCACAAGTTGTACAC,GTCACGGCATGTTGAC,GTCATTTTCAGTGTTG,GTCATTTTCGATCCCT,GTCCTCACAAGACACG,GTCCTCAGTGCAGGTA,GTCCTCATCACCAGGC,GTCGGGTAGCCAGTTT,GTCGGGTGTTACTGAC,GTCGTAAAGACTAGAT,GTCGTAAGTTGACGTT,GTCGTAATCTAGCACA,GTCGTAATCTCCAACC,GTCTTCGAGTGGACGT,GTGAAGGAGGGCACTA,GTGCAGCAGCGTTCCG,GTGCAGCCATGGGACA,GTGCATAGTCTTCGTC,GTGCATATCGGCGGTT,GTGCGGTAGCGTGAAC,GTGCGGTCAATCGGTT,GTGCGGTCACATTCGA,GTGCGGTCACCCAGTG,GTGCTTCCAGGGATTG,GTGGGTCCAAGCCCAC,GTGGGTCTCTGTTTGT,GTGTGCGAGGATGCGT,GTGTTAGTCTTAACCT,GTTAAGCGTAGCTCCG,GTTAAGCGTCTAAACC,GTTACAGCATTCCTCG,GTTACAGGTATATCCG,GTTCATTAGCAATCTC,GTTCATTCATGTCCTC,GTTCATTTCAAAGACA,GTTCGGGGTTATCCGA,GTTTCTACAGGACGTA,TAAACCGGTTAGTGGG,TAAACCGTCAATCTCT,TAAGCGTGTCATTAGC,TAAGTGCCACGCGAAA,TAAGTGCTCCCTAACC,TACACGAGTCTAGGTT,TACACGATCCTTTCGG,TACAGTGAGAGCTTCT,TACAGTGAGGCGATAC,TACAGTGTCAATCTCT,TACCTATTCGCTGATA,TACCTTAGTCTCATCC,TACCTTAGTTCAGTAC,TACCTTAGTTGAACTC,TACCTTATCCTAGGGC,TACCTTATCTTAGCCC,TACGGATAGAAACGCC,TACGGGCAGTGGAGAA,TACGGTAAGCGGATCA,TACGGTACAAGGTTTC,TACGGTATCGGCGCTA,TACTCGCTCCGTACAA,TACTCGCTCTTGGGTA,TACTTACCATAGTAAG,TACTTACGTTGAGTTC,TACTTGTCACCAGGCT,TACTTGTTCGTCCAGG,TAGACCAAGTGACATA,TAGACCACACTGTTAG,TAGACCATCAATACCG,TAGAGCTGTTTACTCT,TAGCCGGAGATGCCAG,TAGCCGGCAAGAAAGG,TAGCCGGGTGCTCTTC,TAGTGGTGTTCTCATT,TAGTTGGCAAGAGTCG,TATCTCAAGACCTTTG,TATCTCAGTAGCTCCG,TATCTCATCCTGCCAT,TATGCCCCAGTATGCT,TATGCCCCATGACATC,TATGCCCTCTGCTGCT,TATTACCCACGGCCAT,TATTACCGTCTGGAGA,TATTACCTCCGCTGTT,TCAACGAAGGCAATTA,TCAACGAGTACGCTGC,TCAACGATCAACGCTA,TCAATCTAGATGCCAG,TCACAAGTCAGCTTAG,TCACGAAGTGTGACGA,TCACGAATCCTCGCAT,TCAGATGTCCACGAAT,TCAGATGTCTTTAGTC,TCAGCAACAAGCCGCT,TCAGCAACATGCATGT,TCAGCTCCAGCTATTG,TCAGCTCGTCCTGCTT,TCAGCTCGTTAAGACA,TCAGCTCTCTGTCAAG,TCAGGTACACCCATTC,TCATTACAGCTACCGC,TCATTACTCCATGAGT,TCATTTGCATACTACG,TCATTTGGTCCGCTGA,TCCACACCAGGAATCG,TCCACACGTGTAACGG,TCCCGATGTGGTCCGT,TCGAGGCCATTACGAC,TCGAGGCGTGTGACGA,TCGCGAGCAGTGAGTG,TCGCGAGCATGAACCT,TCGCGAGCATGCCCGA,TCGCGAGTCACCTTAT,TCGCGAGTCGTTACAG,TCGCGTTAGCTTCGCG,TCGCGTTAGGACCACA,TCGCGTTTCCCTCTTT,TCGGGACTCCATTCTA,TCGTACCCAAGCCGTC,TCGTACCGTGATGTGG,TCGTACCTCCAGTATG,TCTATTGCAGCCTGTG,TCTCATAGTGTTAAGA,TCTCTAAAGCGCCTTG,TCTCTAACAGTCTTCC,TCTGAGAGTAGCGCTC,TCTGAGAGTGTGACCC,TCTGAGATCTTACCTA,TCTGGAATCTGACCTC,TCTTCGGAGAGTGACC,TCTTCGGGTAACGTTC,TCTTTCCCAGATTGCT,TGAAAGAGTCGTGGCT,TGACAACAGGTGTGGT,TGACAACGTCCGAATT,TGACGGCAGAGCAATT,TGACGGCGTTACCAGT,TGACTAGAGCGCTTAT,TGACTAGTCATAACCG,TGAGAGGAGCCCTAAT,TGAGCATAGACTCGGA,TGAGCATAGGAGCGTT,TGAGCATAGGATATAC,TGAGCATGTCTCTCTG,TGAGCCGGTAAACACA,TGATTTCCAGTAAGAT,TGCCAAACAGCCTTTC,TGCCCTAAGGACAGAA,TGCCCTACACGAGGTA,TGCGCAGAGCTCTCGG,TGCGCAGGTACAGCAG,TGCGCAGTCTGGTGTA,TGCGTGGGTCGCATAT,TGCGTGGTCTAGAGTC,TGCTACCAGCTAACTC,TGCTACCGTTTGTTTC,TGCTGCTCAACGATGG,TGCTGCTCACCTGGTG,TGCTGCTGTCCAAGTT,TGGACGCAGACTTTCG,TGGACGCGTTCGGGCT,TGGCCAGAGCGTGAAC,TGGCCAGCAAACGCGA,TGGCCAGGTCGTGGCT,TGGCCAGGTGTGAAAT,TGGCCAGTCGTAGGTT,TGGCGCAAGAATAGGG,TGGCGCAAGTCGATAA,TGGGCGTAGCTCCTCT,TGGTTAGAGATGCCTT,TGGTTAGTCTCAAACG,TGGTTCCGTACAAGTA,TGGTTCCTCCACTCCA,TGTATTCCAATCGGTT,TGTATTCGTGGCCCTA,TGTCCCACAGCCAATT,TGTCCCAGTCCTCTTG,TGTCCCAGTTCGTTGA,TGTCCCATCCCAACGG,TGTGGTAGTAGGCTGA,TGTGGTATCAACCATG,TGTGGTATCCGCGGTA,TGTGGTATCGTCTGCT,TGTGTTTGTCAAAGCG,TGTTCCGCACAGACAG,TGTTCCGCATACTACG,TGTTCCGGTAAGAGGA,TGTTCCGTCATGTGGT,TTAACTCAGGGTGTGT,TTAACTCGTATCTGCA,TTAGGCAAGCAAATCA,TTAGTTCCAAGTCTAC,TTAGTTCCATCCAACA,TTATGCTAGGTGATAT,TTATGCTAGTGCTGCC,TTATGCTCATGGTCTA,TTATGCTGTAAACACA,TTATGCTTCTAACCGA,TTCCCAGCAAGGACAC,TTCCCAGTCAGCAACT,TTCGAAGGTGACGGTA,TTCGGTCAGAAGGACA,TTCGGTCAGATCGATA,TTCGGTCGTTTGACAC,TTCGGTCTCAGGATCT,TTCTACAGTACTCGCG,TTCTCAAGTACAGTGG,TTCTCAATCTGACCTC,TTCTCCTCAATGAAAC,TTCTTAGCAGACGCCT,TTGACTTCAGCGTTCG,TTGACTTGTAAATACG,TTGCCGTCAAAGGAAG,TTGCCGTTCCACGCAG,TTGGAACAGAAGGTTT,TTGGCAAGTGAAATCA,TTGTAGGAGGATGGAA,TTGTAGGTCGATGAGG,TTTACTGTCACTGGGC,TTTATGCCAAGTTCTG,TTTATGCTCCACTCCA,TTTATGCTCTTGCCGT,TTTCCTCGTAACGACG,TTTGCGCAGCTGGAAC,TTTGTCAAGTGCGTGA
ACTAGGAGATTGACGGATCACCTTTGGTCG,0,0,0,0,0,0,0,0,0,0,0,0,0,0,0,0,0,0,0,0,0,0,0,0,0,0,0,0,0,0,0,0,0,0,0,0,0,0,0,0,0,0,0,0,0,0,0,0,0,0,0,0,0,0,0,0,0,0,0,0,0,0,0,0,0,0,0,0,0,0,0,0,0,0,0,0,0,0,0,0,0,0,0,0,0,0,0,0,0,0,0,0,0,0,0,0,0,0,0,0,0,0,0,0,0,0,0,0,0,0,0,0,0,0,0,0,0,0,0,0,0,0,0,0,0,0,0,0,0,0,0,0,0,0,0,0,0,0,0,0,0,0,0,0,0,0,0,0,0,0,0,0,0,0,0,0,0,0,0,0,0,0,0,0,0,0,0,0,0,0,0,0,0,0,0,0,0,0,0,0,0,0,0,0,0,0,0,0,0,0,0,0,0,0,0,0,0,0,0,0,0,0,0,0,0,0,0,0,0,0,0,0,0,0,0,0,0,0,0,0,0,0,0,0,0,0,0,0,0,0,0,0,0,0,0,0,0,0,0,0,0,0,0,0,0,0,0,0,0,0,0,0,0,0,0,0,0,0,0,0,0,0,0,0,0,0,0,0,0,0,0,0,0,0,0,0,0,0,0,0,0,0,0,0,0,0,0,0,0,0,0,0,0,0,0,0,0,0,0,0,0,0,0,0,0,0,0,0,0,0,0,0,0,0,0,0,0,0,0,0,0,0,0,0,0,0,0,0,0,0,0,0,0,0,0,0,0,0,0,0,0,0,0,0,0,0,0,0,0,0,0,0,0,0,0,0,0,0,0,0,0,0,0,0,0,0,0,0,0,0,0,0,0,0,0,0,0,0,0,0,0,0,0,0,0,0,0,0,0,0,0,0,0,0,0,0,0,0,0,0,0,0,0,0,0,0,0,0,0,0,0,0,0,0,0,0,0,0,0,0,0,0,0,0,0,0,0,0,0,0,0,0,0,0,0,0,0,0,0,0,0,0,0,0,0,0,0,0,0,0,0,0,0,0,0,0,0,0,0,0,0,0,0,0,0,0,0,0,0,0,0,0,0,0,0,0,0,0,0,0,0,0,0,0,0,0,0,0,0,0,0,0,0,0,0,0,0,0,0,0,0,0,0,0,0,0,0,0,0,0,0,0,0,0,0,0,0,0,0,0,0,0,0,0,0,0,0,0,0,0,0,0,0,0,0,0,0,0,0,0,0,0,0,0,0,0,0,0,0,0,0,0,0,0,0,0,0,0,0,0,0,0,0,0,0,0,0,0,0,0,0,0,0,0,0,0,0,0,0,0,0,0,0,0,0,0,0,0,0,0,0,0,0,0,0,0,0,0,0,0,0,0,0,0,0,0,0,0,0,0,0,0,0,0,0,0,0,0,0,0,0,0,0,0,0,0,0,0,0,0,0,0,0,0,0,0,0,0,0,0,0,0,0,0,0,0,0,0,0,0,0,0,0,0,0,0,0,0,0,0,0,0,0,0,0,0,0,0,0,0,0,0,0,0,0,0,0,0,0,0,0,0,0,0,0,0,0,0,0,0,0,0,0,0,0,0,0,0,0,0,0,0,0,0,3,0,0,0,0,0,0,0,0,0,0,0,0,0,0,0,0,0,0,0,0,0,0,0,0,0,0,0,0,0,4,0,0,0,0,0,0,0,0,0,0,0,0,0,0,0,0,0,0,0,0,0,0,0,0,0,0,0,0
GGCGGAGACGGCACACACCGAGGGTCAGTT,0,0,0,0,0,0,0,0,0,0,0,0,0,0,0,0,0,0,0,0,0,0,0,0,0,0,0,0,0,0,0,0,0,0,0,0,0,0,0,0,0,0,0,0,0,0,0,0,0,0,0,0,0,0,0,0,0,0,0,0,0,0,0,0,0,0,0,0,0,0,0,0,0,0,0,0,0,0,0,0,0,0,0,0,0,0,0,0,0,0,0,0,0,0,0,0,0,0,0,0,0,0,0,0,0,0,0,0,0,0,0,0,0,0,0,0,0,0,0,0,0,0,0,0,0,0,0,0,0,0,2,0,0,0,0,0,0,0,0,0,0,0,0,0,0,0,0,0,0,0,0,0,0,0,0,0,0,0,0,0,0,0,0,0,0,0,0,0,0,0,0,0,0,0,0,0,0,0,0,0,0,0,0,0,0,0,0,0,0,0,0,0,0,0,0,0,0,0,0,0,0,0,0,0,0,0,0,0,0,0,0,0,0,0,0,0,0,0,0,0,0,0,0,0,0,0,0,0,0,0,0,0,0,0,0,0,0,0,0,0,0,0,0,0,0,0,0,0,0,0,0,0,0,0,0,0,0,0,0,0,0,0,0,0,0,0,0,0,0,0,0,0,0,0,0,0,0,0,0,0,0,0,0,0,0,0,0,0,0,0,0,0,0,0,0,0,0,0,0,0,0,0,0,0,0,0,0,0,0,0,0,0,0,0,0,0,0,0,0,0,0,0,0,0,0,0,0,0,0,0,0,0,0,0,0,0,0,0,0,0,0,0,0,0,0,0,0,0,0,0,0,0,0,0,0,0,0,0,0,0,0,0,0,0,0,0,0,0,0,0,0,0,0,0,0,0,0,0,0,0,0,0,0,0,0,0,0,0,0,0,0,0,0,0,0,0,0,0,0,0,0,0,0,0,0,0,0,0,0,0,0,0,0,0,0,0,0,0,0,0,0,0,0,0,0,0,0,0,0,0,0,0,0,0,0,0,0,0,0,0,0,0,0,0,0,0,0,0,0,0,0,0,0,0,0,0,0,0,0,0,0,0,0,0,0,0,0,0,0,0,0,0,0,0,0,0,0,0,0,0,0,0,0,0,0,0,0,0,0,0,0,0,0,0,0,0,0,0,0,0,0,0,0,0,0,0,0,0,0,0,0,0,0,0,0,0,0,0,0,0,0,0,0,0,0,0,0,0,0,0,0,0,0,0,0,0,0,0,0,0,0,0,0,0,0,0,0,0,0,0,0,0,0,0,0,0,0,0,0,0,0,0,0,0,0,0,0,0,0,0,0,0,0,0,0,0,0,0,0,0,0,0,0,0,0,0,0,0,0,0,0,0,0,0,0,0,0,0,0,0,0,0,0,0,0,0,0,0,0,0,0,0,0,0,0,0,0,0,0,0,0,0,0,0,0,0,0,0,0,0,0,0,0,0,0,0,0,0,0,0,0,0,0,0,0,0,0,0,0,0,0,0,0,0,0,0,0,0,0,0,0,0,0,0,0,0,0,0,0,0,0,0,0,0,0,0,0,0,0,0,0,0,0,0,0,0,0,0,0,0,0,0,0,0,0,0,0,0,0,0,0,0,0,0,0,0,0,0,0,0,0,0,0,0,0,0,0,0,0,0,0,0,0,0,0,0,0,0,0,0,0,0,0,0,0,0,0,0,0,0,0,0,0,0,0,0,0,0,0,0,0,0,0,0,0,0,0,0,0,0,0,0,0
GGTCTCCCTATACCAACAGTATCGTCTCAA,0,0,0,0,0,0,0,0,0,0,0,0,0,0,0,0,0,0,0,0,0,0,0,0,0,0,0,0,0,0,0,0,0,0,0,0,0,0,0,0,0,0,0,0,0,0,0,0,0,0,0,0,0,0,0,0,0,0,0,0,0,0,0,0,0,0,0,0,0,0,0,0,0,0,0,0,0,0,0,0,0,0,0,0,0,0,0,0,0,0,0,0,0,0,0,0,0,0,0,0,0,0,0,0,0,0,5,0,0,0,0,0,0,0,0,0,0,0,0,0,0,0,0,0,0,0,0,0,0,0,0,0,0,0,0,0,0,0,0,0,0,0,0,0,0,0,0,2,0,0,0,0,0,0,0,0,0,0,0,0,0,0,0,0,0,0,0,0,0,0,0,0,0,0,0,0,0,0,0,0,0,0,0,0,0,0,0,0,0,0,0,0,0,0,0,0,0,0,0,0,0,0,0,0,0,0,0,0,0,0,0,0,0,0,0,0,0,0,0,0,0,0,0,0,0,0,0,0,0,0,0,0,0,0,0,0,0,0,0,0,0,0,0,0,0,0,0,0,0,0,0,0,0,0,0,0,0,0,0,0,0,0,0,0,0,0,0,3,0,0,0,0,0,0,0,0,0,0,0,0,0,0,0,0,0,0,0,0,0,0,0,0,0,0,0,0,0,0,0,0,0,0,0,0,0,0,0,0,0,0,0,0,0,0,0,0,0,0,0,0,0,0,0,0,0,0,0,0,0,0,0,0,0,0,0,0,0,0,0,0,0,0,0,0,0,0,0,0,0,0,0,0,0,0,0,0,0,0,0,0,0,0,0,0,0,0,0,0,0,0,0,0,0,0,0,0,0,0,0,0,0,0,0,0,0,0,0,0,0,0,0,0,0,0,0,0,0,0,0,0,0,0,0,0,0,0,0,0,0,0,0,0,0,0,0,0,0,0,0,0,3,0,0,0,0,0,0,0,0,0,0,0,2,0,0,0,0,0,0,0,0,0,0,0,0,0,0,0,0,0,0,0,0,0,0,0,0,0,0,0,0,0,0,0,0,0,0,0,0,0,0,0,0,0,0,0,0,0,0,0,0,0,0,0,0,0,2,0,0,0,0,0,0,0,0,0,0,0,0,0,0,0,0,0,0,0,0,0,0,0,0,0,0,0,0,0,0,3,0,0,0,0,0,0,0,0,0,0,0,0,0,0,0,0,0,0,0,0,0,0,0,0,0,0,0,0,0,0,0,0,0,0,0,5,0,0,0,0,0,0,0,0,0,0,0,0,0,0,0,0,0,0,0,0,0,0,0,0,0,0,0,0,0,0,0,0,0,0,0,0,0,0,0,0,0,0,0,0,0,0,0,0,0,0,0,0,0,0,0,0,0,0,0,0,0,0,0,0,0,0,0,0,0,0,0,0,0,0,0,0,0,0,0,0,0,0,0,0,0,0,0,0,0,0,0,0,0,0,0,0,0,0,0,0,0,0,0,0,0,0,0,0,0,0,0,0,0,0,0,0,0,0,0,0,0,0,0,0,0,0,0,0,0,0,0,0,0,0,0,0,0,0,0,0,0,0,0,0,0,0,0,0,0,0,0,0,0,0,0,0,0,0,0,0,0,0,0,0,0,0,0,0,0,0,0,0,0,0,0,0,0,0,0,0,0,0,0,0,0,0,0,0,0,0,0,0,0,0,0,0,0,0,0,0,0,0,0,0,0,0,0,0,0
TGTCAATCGTTCGGTTGAGCAAGATCTTAG,3,2,2,2,2,4,4,6,2,3,3,2,2,5,2,2,2,2,2,2,3,3,2,3,2,3,2,4,2,2,2,3,2,3,4,5,4,2,2,2,3,3,4,2,2,2,3,2,2,3,2,4,3,2,4,2,2,2,3,2,2,2,3,3,2,3,2,2,3,2,2,6,2,3,2,2,2,2,2,11,2,3,2,4,2,5,5,2,2,4,2,2,2,3,4,3,4,2,2,2,3,2,3,2,3,3,0,3,2,2,4,2,2,2,2,5,2,2,4,4,2,3,2,3,2,2,2,2,2,2,0,5,2,2,2,2,2,3,2,3,3,2,5,2,2,4,4,0,2,2,2,2,2,2,2,2,3,12,2,2,2,2,2,3,6,2,2,3,2,2,2,2,4,2,2,2,2,3,2,2,3,4,2,2,5,4,2,5,2,3,3,3,2,2,2,2,2,2,2,4,2,3,3,2,3,2,2,2,2,2,2,12,3,2,3,3,2,2,2,2,4,3,2,3,4,2,2,2,3,4,2,4,2,2,3,5,2,4,2,2,9,3,3,2,2,2,2,2,2,3,4,2,5,2,4,3,5,3,3,2,2,2,4,2,2,2,2,0,3,3,2,3,2,2,2,2,4,2,2,2,4,3,3,2,2,2,4,2,2,2,4,2,6,3,2,2,2,2,2,2,3,3,16,2,3,2,2,3,3,2,2,2,3,4,5,2,2,2,2,2,2,2,2,5,2,3,6,6,3,2,3,5,2,3,2,3,2,2,2,2,7,2,2,4,2,6,3,2,2,3,6,2,3,3,2,7,2,2,3,3,3,2,2,2,2,3,2,2,2,8,2,3,3,2,3,5,3,2,2,3,5,2,2,2,2,2,2,3,2,2,2,3,2,2,2,3,2,3,2,2,5,2,2,3,4,5,2,2,2,4,3,3,3,2,2,2,2,2,2,2,0,2,2,4,3,2,5,3,2,3,2,2,0,2,4,2,2,2,2,2,3,2,2,2,3,2,2,3,2,2,2,3,7,5,3,2,2,6,2,2,3,3,3,2,3,2,2,2,2,7,2,3,2,4,3,3,2,2,3,3,2,3,2,2,2,2,0,2,2,6,2,2,2,2,5,3,2,2,2,2,2,2,2,2,2,2,3,3,2,3,4,5,2,2,3,2,4,0,4,2,2,2,2,3,2,2,2,2,6,3,2,2,3,2,4,3,3,2,3,7,3,2,2,2,2,2,3,3,2,2,2,2,2,0,3,3,2,2,2,2,2,2,2,2,2,2,2,2,3,8,2,2,3,2,3,2,2,3,3,4,2,5,2,3,2,7,2,2,2,2,2,2,2,2,6,2,2,4,2,3,3,2,2,2,2,3,2,2,2,3,3,2,3,3,2,2,2,4,2,2,2,2,3,3,2,2,3,2,2,7,2,3,3,2,6,3,2,2,2,2,3,3,3,3,2,3,2,2,5,2,2,2,3,4,2,3,2,2,2,5,8,3,2,2,2,4,2,3,2,2,3,2,2,3,3,2,3,3,2,2,3,4,2,3,4,7,4,2,3,3,4,2,2,3,2,4,7,2,3,3,3,2,2,2,0,2,2,3,4,2,2,2,2,4,2,2,5,2,2,2,3,3,3,2,2,3,2,2,3,3,3,2,2,4,0,3,2,2,5,2,3,2,2,2,2,2,2,8,3,2,3,4,2,4,2,2,2,3,3,3,2,2,2
